EN registre1bit NULL C:/Users/Mathieu/Desktop/projet_stage_ete2017/modules_controle_board/registre1bit.vhd sub00/vhpl02 1493817901
EN compteurnbits NULL C:/Users/Mathieu/Desktop/projet_stage_ete2017/modules_controle_board/compteurNbits.vhd sub00/vhpl06 1493817905
AR registre1bit behavioral C:/Users/Mathieu/Desktop/projet_stage_ete2017/modules_controle_board/registre1bit.vhd sub00/vhpl03 1493817902
EN mux_2_1 NULL C:/Users/Mathieu/Desktop/projet_stage_ete2017/modules_controle_board/mux_2_1.vhd sub00/vhpl04 1493817903
EN rdc_load_nbits NULL C:/Users/Mathieu/Desktop/projet_stage_ete2017/modules_controle_board/rdc_load_nbits.vhd sub00/vhpl10 1493817909
EN diviseur_clk NULL C:/Users/Mathieu/Desktop/projet_stage_ete2017/modules_controle_board/diviseur_clk.vhd sub00/vhpl08 1493817907
AR mux_2_1 behavioral C:/Users/Mathieu/Desktop/projet_stage_ete2017/modules_controle_board/mux_2_1.vhd sub00/vhpl05 1493817904
PB usr_package usr_package C:/Users/Mathieu/Desktop/projet_stage_ete2017/modules_controle_board/usr_package.vhd sub00/vhpl01 1493817900
AR rdc_load_nbits behavioral C:/Users/Mathieu/Desktop/projet_stage_ete2017/modules_controle_board/rdc_load_nbits.vhd sub00/vhpl11 1493817910
AR compteurnbits behavioral C:/Users/Mathieu/Desktop/projet_stage_ete2017/modules_controle_board/compteurNbits.vhd sub00/vhpl07 1493817906
AR diviseur_clk behavioral C:/Users/Mathieu/Desktop/projet_stage_ete2017/modules_controle_board/diviseur_clk.vhd sub00/vhpl09 1493817908
PH usr_package NULL C:/Users/Mathieu/Desktop/projet_stage_ete2017/modules_controle_board/usr_package.vhd sub00/vhpl00 1493817899
