V3 27
FL C:/Users/Mathieu/Desktop/projet_stage_ete2017/modules_controle_board/compteurNbits.vhd 2017/05/01.15:45:05 P.20131013
EN modules/compteurNbits 1493817905 \
      FL C:/Users/Mathieu/Desktop/projet_stage_ete2017/modules_controle_board/compteurNbits.vhd \
      PB ieee/std_logic_1164 1381692176 PB ieee/STD_LOGIC_UNSIGNED 1381692179
AR modules/compteurNbits/Behavioral 1493817906 \
      FL C:/Users/Mathieu/Desktop/projet_stage_ete2017/modules_controle_board/compteurNbits.vhd \
      EN modules/compteurNbits 1493817905
FL C:/Users/Mathieu/Desktop/projet_stage_ete2017/modules_controle_board/diviseur_clk.vhd 2017/05/03.09:13:35 P.20131013
EN modules/diviseur_clk 1493817907 \
      FL C:/Users/Mathieu/Desktop/projet_stage_ete2017/modules_controle_board/diviseur_clk.vhd \
      PB ieee/std_logic_1164 1381692176 PB ieee/STD_LOGIC_UNSIGNED 1381692179
AR modules/diviseur_clk/Behavioral 1493817908 \
      FL C:/Users/Mathieu/Desktop/projet_stage_ete2017/modules_controle_board/diviseur_clk.vhd \
      EN modules/diviseur_clk 1493817907
FL C:/Users/Mathieu/Desktop/projet_stage_ete2017/modules_controle_board/mux_2_1.vhd 2017/05/01.14:21:57 P.20131013
EN modules/mux_2_1 1493817903 \
      FL C:/Users/Mathieu/Desktop/projet_stage_ete2017/modules_controle_board/mux_2_1.vhd \
      PB ieee/std_logic_1164 1381692176
AR modules/mux_2_1/Behavioral 1493817904 \
      FL C:/Users/Mathieu/Desktop/projet_stage_ete2017/modules_controle_board/mux_2_1.vhd \
      EN modules/mux_2_1 1493817903
FL C:/Users/Mathieu/Desktop/projet_stage_ete2017/modules_controle_board/rdc_load_nbits.vhd 2017/05/02.14:00:03 P.20131013
EN modules/rdc_load_nbits 1493817909 \
      FL C:/Users/Mathieu/Desktop/projet_stage_ete2017/modules_controle_board/rdc_load_nbits.vhd \
      LB modules PB modules/usr_package 1493817900 PB ieee/std_logic_1164 1381692176
AR modules/rdc_load_nbits/Behavioral 1493817910 \
      FL C:/Users/Mathieu/Desktop/projet_stage_ete2017/modules_controle_board/rdc_load_nbits.vhd \
      EN modules/rdc_load_nbits 1493817909 CP registre1bit CP mux_2_1
FL C:/Users/Mathieu/Desktop/projet_stage_ete2017/modules_controle_board/registre1bit.vhd 2017/05/01.15:13:17 P.20131013
EN modules/registre1bit 1493817901 \
      FL C:/Users/Mathieu/Desktop/projet_stage_ete2017/modules_controle_board/registre1bit.vhd \
      PB ieee/std_logic_1164 1381692176
AR modules/registre1bit/Behavioral 1493817902 \
      FL C:/Users/Mathieu/Desktop/projet_stage_ete2017/modules_controle_board/registre1bit.vhd \
      EN modules/registre1bit 1493817901
FL C:/Users/Mathieu/Desktop/projet_stage_ete2017/modules_controle_board/usr_package.vhd 2017/05/03.08:50:45 P.20131013
PH modules/usr_package 1493817899 \
      FL C:/Users/Mathieu/Desktop/projet_stage_ete2017/modules_controle_board/usr_package.vhd \
      PB ieee/std_logic_1164 1381692176 CD registreNbits CD compteurNbits \
      CD diviseur_clk CD rdc_load_nbits CD registre1bit CD mux_2_1
PB modules/usr_package 1493817900 \
      FL C:/Users/Mathieu/Desktop/projet_stage_ete2017/modules_controle_board/usr_package.vhd \
      PH modules/usr_package 1493817899
